Copyright 1986-2018 Xilinx, Inc. All Rights Reserved.
--------------------------------------------------------------------------------------
| Tool Version : Vivado v.2018.3 (win64) Build 2405991 Thu Dec  6 23:38:27 MST 2018
| Date         : Tue Jan 13 15:17:38 2026
| Host         : ximao running 64-bit major release  (build 9200)
| Command      : report_control_sets -verbose -file Top_Piano_control_sets_placed.rpt
| Design       : Top_Piano
| Device       : xc7a35t
--------------------------------------------------------------------------------------

Control Set Information

Table of Contents
-----------------
1. Summary
2. Histogram
3. Flip-Flop Distribution
4. Detailed Control Set Information

1. Summary
----------

+----------------------------------------------------------+-------+
|                          Status                          | Count |
+----------------------------------------------------------+-------+
| Number of unique control sets                            |    17 |
| Unused register locations in slices containing registers |    82 |
+----------------------------------------------------------+-------+


2. Histogram
------------

+--------+--------------+
| Fanout | Control Sets |
+--------+--------------+
|      1 |            8 |
|      4 |            1 |
|      6 |            2 |
|      8 |            2 |
|    16+ |            4 |
+--------+--------------+


3. Flip-Flop Distribution
-------------------------

+--------------+-----------------------+------------------------+-----------------+--------------+
| Clock Enable | Synchronous Set/Reset | Asynchronous Set/Reset | Total Registers | Total Slices |
+--------------+-----------------------+------------------------+-----------------+--------------+
| No           | No                    | No                     |               6 |            5 |
| No           | No                    | Yes                    |               0 |            0 |
| No           | Yes                   | No                     |              43 |           12 |
| Yes          | No                    | No                     |              16 |           11 |
| Yes          | No                    | Yes                    |               0 |            0 |
| Yes          | Yes                   | No                     |              61 |           19 |
+--------------+-----------------------+------------------------+-----------------+--------------+


4. Detailed Control Set Information
-----------------------------------

+----------------+------------------------+------------------------+------------------+----------------+
|  Clock Signal  |      Enable Signal     |    Set/Reset Signal    | Slice Load Count | Bel Load Count |
+----------------+------------------------+------------------------+------------------+----------------+
|  clk_IBUF_BUFG | ps2_buffer[2]_i_1_n_0  |                        |                1 |              1 |
|  clk_IBUF_BUFG | ps2_buffer[1]_i_1_n_0  |                        |                1 |              1 |
|  clk_IBUF_BUFG | ps2_buffer[7]_i_1_n_0  |                        |                1 |              1 |
|  clk_IBUF_BUFG | ps2_buffer[3]_i_1_n_0  |                        |                1 |              1 |
|  clk_IBUF_BUFG | ps2_buffer[5]_i_1_n_0  |                        |                1 |              1 |
|  clk_IBUF_BUFG | ps2_buffer[8]_i_1_n_0  |                        |                1 |              1 |
|  clk_IBUF_BUFG | ps2_buffer[6]_i_1_n_0  |                        |                1 |              1 |
|  clk_IBUF_BUFG | ps2_buffer[4]_i_1_n_0  |                        |                1 |              1 |
|  clk_IBUF_BUFG | ps2_fall               | ps2_cnt[3]_i_1_n_0     |                1 |              4 |
|  clk_IBUF_BUFG |                        |                        |                5 |              6 |
|  clk_IBUF_BUFG | score_ptr[5]_i_2_n_0   | score_ptr[5]_i_1_n_0   |                2 |              6 |
|  clk_IBUF_BUFG | playing_key[7]_i_2_n_0 | playing_key[7]_i_1_n_0 |                2 |              8 |
|  clk_IBUF_BUFG | key_code[7]_i_1_n_0    |                        |                3 |              8 |
|  clk_IBUF_BUFG |                        | pwm_cnt[0]_i_1_n_0     |                5 |             18 |
|  clk_IBUF_BUFG | timeout_cnt[0]_i_2_n_0 | timeout_cnt[0]_i_1_n_0 |                5 |             20 |
|  clk_IBUF_BUFG | period_reg[17]_i_1_n_0 | playing_key[7]_i_1_n_0 |                9 |             23 |
|  clk_IBUF_BUFG |                        | beat_cnt[0]_i_1_n_0    |                7 |             25 |
+----------------+------------------------+------------------------+------------------+----------------+


